[2026-02-12 05:08:01] ✅ Service check completed
[2026-02-12 05:10:01] ✅ Service check completed
[2026-02-12 05:12:01] ✅ Service check completed
[2026-02-12 05:14:01] ✅ Service check completed
[2026-02-12 05:16:01] ✅ Service check completed
[2026-02-12 05:18:01] ✅ Service check completed
[2026-02-12 05:20:01] ⚠️ tailscale-funnel is not configured, attempting to configure...
Available on the internet:

https://anz-luna.grolar-wage.ts.net/
|-- proxy http://127.0.0.1:8280

Funnel started and running in the background.
To disable the proxy, run: tailscale funnel --https=443 off
[2026-02-12 05:20:03] ✅ tailscale-funnel configured successfully
[2026-02-12 05:20:03] ✅ Service check completed
[2026-02-12 05:22:01] ⚠️ tailscale-funnel is not configured, attempting to configure...
Available on the internet:

https://anz-luna.grolar-wage.ts.net/
|-- proxy http://127.0.0.1:8280

Funnel started and running in the background.
To disable the proxy, run: tailscale funnel --https=443 off
[2026-02-12 05:22:03] ✅ tailscale-funnel configured successfully
[2026-02-12 05:22:03] ✅ Service check completed
[2026-02-12 05:24:01] ✅ Service check completed
[2026-02-12 05:26:01] ⚠️ tailscale-funnel is not configured, attempting to configure...
Available on the internet:

https://anz-luna.grolar-wage.ts.net/
|-- proxy http://127.0.0.1:8280

Funnel started and running in the background.
To disable the proxy, run: tailscale funnel --https=443 off
[2026-02-12 05:26:03] ✅ tailscale-funnel configured successfully
[2026-02-12 05:26:03] ✅ Service check completed
[2026-02-12 05:28:01] ⚠️ tailscale-funnel is not configured, attempting to configure...
Available on the internet:

https://anz-luna.grolar-wage.ts.net/
|-- proxy http://127.0.0.1:8280

Funnel started and running in the background.
To disable the proxy, run: tailscale funnel --https=443 off
[2026-02-12 05:28:03] ✅ tailscale-funnel configured successfully
[2026-02-12 05:28:03] ✅ Service check completed
[2026-02-12 05:30:02] ⚠️ tailscale-funnel is not configured, attempting to configure...
Available on the internet:

https://anz-luna.grolar-wage.ts.net/
|-- proxy http://127.0.0.1:8280

Funnel started and running in the background.
To disable the proxy, run: tailscale funnel --https=443 off
[2026-02-12 05:30:04] ✅ tailscale-funnel configured successfully
[2026-02-12 05:30:04] ✅ Service check completed
[2026-02-12 05:32:01] ⚠️ Tailscale path mapping is incorrect, attempting to fix...
sending serve config: updating config: foreground listener already exists for port 443
[2026-02-12 05:32:01] ⚠️ Note: Path mapping may not be optimal. Manual configuration may be needed.
[2026-02-12 05:32:01] ✅ Service check completed
[2026-02-12 05:34:01] ⚠️ Tailscale path mapping is incorrect, attempting to fix...
sending serve config: updating config: foreground listener already exists for port 443
[2026-02-12 05:34:01] ⚠️ Note: Path mapping may not be optimal. Manual configuration may be needed.
[2026-02-12 05:34:01] ✅ Service check completed
[2026-02-12 05:36:01] ⚠️ Tailscale path mapping is incorrect, attempting to fix...
sending serve config: updating config: foreground listener already exists for port 443
[2026-02-12 05:36:01] ⚠️ Note: Path mapping may not be optimal. Manual configuration may be needed.
[2026-02-12 05:36:01] ✅ Service check completed
[2026-02-12 05:38:01] ⚠️ tailscale-funnel is not configured, attempting to configure...
Logged out.
Log in at: https://login.tailscale.com/a/7f41a7501e273
[2026-02-12 05:38:03] ❌ Failed to configure tailscale-funnel
[2026-02-12 05:38:03] ⚠️ Tailscale path mapping is incorrect, attempting to fix...
Logged out.
Log in at: https://login.tailscale.com/a/7f41a7501e273
[2026-02-12 05:38:03] ⚠️ Note: Path mapping may not be optimal. Manual configuration may be needed.
[2026-02-12 05:38:03] ✅ Service check completed
[2026-02-12 05:40:01] ⚠️ Tailscale path mapping is incorrect, attempting to fix...
Available on the internet:

https://anz-luna-1.grolar-wage.ts.net/
|-- proxy http://127.0.0.1:8280

Funnel started and running in the background.
To disable the proxy, run: tailscale funnel --https=443 off
[2026-02-12 05:40:01] ⚠️ Note: Path mapping may not be optimal. Manual configuration may be needed.
[2026-02-12 05:40:01] ✅ Service check completed
[2026-02-12 05:42:02] ⚠️ Tailscale path mapping is incorrect, attempting to fix...
Available on the internet:

https://anz-luna.grolar-wage.ts.net/
|-- proxy http://127.0.0.1:8280

Funnel started and running in the background.
To disable the proxy, run: tailscale funnel --https=443 off
[2026-02-12 05:42:02] ⚠️ Note: Path mapping may not be optimal. Manual configuration may be needed.
[2026-02-12 05:42:02] ✅ Service check completed
[2026-02-12 05:44:01] ⚠️ Tailscale path mapping is incorrect, attempting to fix...
Available on the internet:

https://anz-luna.grolar-wage.ts.net/
|-- proxy http://127.0.0.1:8280

Funnel started and running in the background.
To disable the proxy, run: tailscale funnel --https=443 off
[2026-02-12 05:44:01] ⚠️ Note: Path mapping may not be optimal. Manual configuration may be needed.
[2026-02-12 05:44:01] ✅ Service check completed
[2026-02-12 05:46:01] ⚠️ Tailscale path mapping is incorrect, attempting to fix...
sending serve config: updating config: foreground listener already exists for port 443
[2026-02-12 05:46:01] ⚠️ Note: Path mapping may not be optimal. Manual configuration may be needed.
[2026-02-12 05:46:01] ✅ Service check completed
[2026-02-12 05:48:01] ⚠️ Tailscale path mapping is incorrect, attempting to fix...
Available on the internet:

https://anz-luna.grolar-wage.ts.net/
|-- proxy http://127.0.0.1:8280

Funnel started and running in the background.
To disable the proxy, run: tailscale funnel --https=443 off
[2026-02-12 05:48:01] ⚠️ Note: Path mapping may not be optimal. Manual configuration may be needed.
[2026-02-12 05:48:01] ✅ Service check completed
[2026-02-12 05:50:01] ⚠️ Tailscale path mapping is incorrect, attempting to fix...
Available on the internet:

https://anz-luna.grolar-wage.ts.net/
|-- proxy http://127.0.0.1:8280

Funnel started and running in the background.
To disable the proxy, run: tailscale funnel --https=443 off
[2026-02-12 05:50:01] ⚠️ Note: Path mapping may not be optimal. Manual configuration may be needed.
[2026-02-12 05:50:01] ✅ Service check completed
[2026-02-12 05:52:01] ⚠️ Tailscale path mapping is incorrect, attempting to fix...
Available on the internet:

https://anz-luna.grolar-wage.ts.net/
|-- proxy http://127.0.0.1:8280

Funnel started and running in the background.
To disable the proxy, run: tailscale funnel --https=443 off
[2026-02-12 05:52:01] ⚠️ Note: Path mapping may not be optimal. Manual configuration may be needed.
[2026-02-12 05:52:01] ✅ Service check completed
[2026-02-12 05:54:01] ⚠️ Tailscale path mapping is incorrect, attempting to fix...
Available on the internet:

https://anz-luna.grolar-wage.ts.net/
|-- proxy http://127.0.0.1:8280

Funnel started and running in the background.
To disable the proxy, run: tailscale funnel --https=443 off
[2026-02-12 05:54:01] ⚠️ Note: Path mapping may not be optimal. Manual configuration may be needed.
[2026-02-12 05:54:01] ✅ Service check completed
[2026-02-12 05:56:01] ⚠️ Tailscale path mapping is incorrect, attempting to fix...
Available on the internet:

https://anz-luna.grolar-wage.ts.net/
|-- proxy http://127.0.0.1:8280

Funnel started and running in the background.
To disable the proxy, run: tailscale funnel --https=443 off
[2026-02-12 05:56:01] ⚠️ Note: Path mapping may not be optimal. Manual configuration may be needed.
[2026-02-12 05:56:01] ✅ Service check completed
[2026-02-12 05:58:01] ⚠️ tailscale-funnel is not configured, attempting to configure...
Available on the internet:

https://anz-luna.grolar-wage.ts.net/
|-- proxy http://127.0.0.1:8280

Funnel started and running in the background.
To disable the proxy, run: tailscale funnel --https=443 off
[2026-02-12 05:58:03] ✅ tailscale-funnel configured successfully
[2026-02-12 05:58:03] ⚠️ Tailscale path mapping is incorrect, attempting to fix...
Available on the internet:

https://anz-luna.grolar-wage.ts.net/
|-- proxy http://127.0.0.1:8280

Funnel started and running in the background.
To disable the proxy, run: tailscale funnel --https=443 off
[2026-02-12 05:58:03] ⚠️ Note: Path mapping may not be optimal. Manual configuration may be needed.
[2026-02-12 05:58:03] ✅ Service check completed
[2026-02-12 06:00:02] ⚠️ tailscale-funnel is not configured, attempting to configure...
Available on the internet:

https://anz-luna.grolar-wage.ts.net/
|-- proxy http://127.0.0.1:8280

Funnel started and running in the background.
To disable the proxy, run: tailscale funnel --https=443 off
[2026-02-12 06:00:04] ✅ tailscale-funnel configured successfully
[2026-02-12 06:00:04] ⚠️ Tailscale path mapping is incorrect, attempting to fix...
Available on the internet:

https://anz-luna.grolar-wage.ts.net/
|-- proxy http://127.0.0.1:8280

Funnel started and running in the background.
To disable the proxy, run: tailscale funnel --https=443 off
[2026-02-12 06:00:04] ⚠️ Note: Path mapping may not be optimal. Manual configuration may be needed.
[2026-02-12 06:00:04] ✅ Service check completed
[2026-02-12 06:02:01] ⚠️ Tailscale path mapping is incorrect, attempting to fix...
Available on the internet:

https://anz-luna.grolar-wage.ts.net/
|-- proxy http://127.0.0.1:8280

Funnel started and running in the background.
To disable the proxy, run: tailscale funnel --https=443 off
[2026-02-12 06:02:01] ⚠️ Note: Path mapping may not be optimal. Manual configuration may be needed.
[2026-02-12 06:02:01] ✅ Service check completed
[2026-02-12 06:04:01] ⚠️ tailscale-funnel is not configured, attempting to configure...
Available on the internet:

https://anz-luna.grolar-wage.ts.net/
|-- proxy http://127.0.0.1:8280

Funnel started and running in the background.
To disable the proxy, run: tailscale funnel --https=443 off
[2026-02-12 06:04:03] ✅ tailscale-funnel configured successfully
[2026-02-12 06:04:03] ⚠️ Tailscale path mapping is incorrect, attempting to fix...
Available on the internet:

https://anz-luna.grolar-wage.ts.net/
|-- proxy http://127.0.0.1:8280

Funnel started and running in the background.
To disable the proxy, run: tailscale funnel --https=443 off
[2026-02-12 06:04:03] ⚠️ Note: Path mapping may not be optimal. Manual configuration may be needed.
[2026-02-12 06:04:03] ✅ Service check completed
[2026-02-12 06:06:01] ⚠️ Tailscale path mapping is incorrect, attempting to fix...
Available on the internet:

https://anz-luna.grolar-wage.ts.net/
|-- proxy http://127.0.0.1:8280

Funnel started and running in the background.
To disable the proxy, run: tailscale funnel --https=443 off
[2026-02-12 06:06:01] ⚠️ Note: Path mapping may not be optimal. Manual configuration may be needed.
[2026-02-12 06:06:01] ✅ Service check completed
[2026-02-12 06:08:02] ⚠️ Tailscale path mapping is incorrect, attempting to fix...
Available on the internet:

https://anz-luna.grolar-wage.ts.net/
|-- proxy http://127.0.0.1:8280

Funnel started and running in the background.
To disable the proxy, run: tailscale funnel --https=443 off
[2026-02-12 06:08:02] ⚠️ Note: Path mapping may not be optimal. Manual configuration may be needed.
[2026-02-12 06:08:02] ✅ Service check completed
[2026-02-12 06:10:01] ⚠️ Tailscale path mapping is incorrect, attempting to fix...
Available on the internet:

https://anz-luna.grolar-wage.ts.net/
|-- proxy http://127.0.0.1:8280

Funnel started and running in the background.
To disable the proxy, run: tailscale funnel --https=443 off
[2026-02-12 06:10:01] ⚠️ Note: Path mapping may not be optimal. Manual configuration may be needed.
[2026-02-12 06:10:01] ✅ Service check completed
[2026-02-12 06:12:01] ⚠️ Tailscale path mapping is incorrect, attempting to fix...
Available on the internet:

https://anz-luna.grolar-wage.ts.net/
|-- proxy http://127.0.0.1:8280

Funnel started and running in the background.
To disable the proxy, run: tailscale funnel --https=443 off
[2026-02-12 06:12:01] ⚠️ Note: Path mapping may not be optimal. Manual configuration may be needed.
[2026-02-12 06:12:01] ✅ Service check completed
[2026-02-12 06:14:01] ⚠️ Tailscale path mapping is incorrect, attempting to fix...
Available on the internet:

https://anz-luna.grolar-wage.ts.net/
|-- proxy http://127.0.0.1:8280

Funnel started and running in the background.
To disable the proxy, run: tailscale funnel --https=443 off
[2026-02-12 06:14:01] ⚠️ Note: Path mapping may not be optimal. Manual configuration may be needed.
[2026-02-12 06:14:01] ✅ Service check completed
[2026-02-12 06:16:01] ⚠️ Tailscale path mapping is incorrect, attempting to fix...
Available on the internet:

https://anz-luna.grolar-wage.ts.net/
|-- proxy http://127.0.0.1:8280

Funnel started and running in the background.
To disable the proxy, run: tailscale funnel --https=443 off
[2026-02-12 06:16:01] ⚠️ Note: Path mapping may not be optimal. Manual configuration may be needed.
[2026-02-12 06:16:01] ✅ Service check completed
[2026-02-12 06:18:01] ⚠️ Tailscale path mapping is incorrect, attempting to fix...
Available on the internet:

https://anz-luna.grolar-wage.ts.net/
|-- proxy http://127.0.0.1:8280

Funnel started and running in the background.
To disable the proxy, run: tailscale funnel --https=443 off
[2026-02-12 06:18:01] ⚠️ Note: Path mapping may not be optimal. Manual configuration may be needed.
[2026-02-12 06:18:01] ✅ Service check completed
[2026-02-12 06:20:01] ⚠️ Tailscale path mapping is incorrect, attempting to fix...
Available on the internet:

https://anz-luna.grolar-wage.ts.net/
|-- proxy http://127.0.0.1:8280

Funnel started and running in the background.
To disable the proxy, run: tailscale funnel --https=443 off
[2026-02-12 06:20:02] ⚠️ Note: Path mapping may not be optimal. Manual configuration may be needed.
[2026-02-12 06:20:02] ✅ Service check completed
[2026-02-12 06:22:01] ⚠️ Tailscale path mapping is incorrect, attempting to fix...
Available on the internet:

https://anz-luna.grolar-wage.ts.net/
|-- proxy http://127.0.0.1:8280

Funnel started and running in the background.
To disable the proxy, run: tailscale funnel --https=443 off
[2026-02-12 06:22:01] ⚠️ Note: Path mapping may not be optimal. Manual configuration may be needed.
[2026-02-12 06:22:01] ✅ Service check completed
[2026-02-12 06:24:01] ⚠️ Tailscale path mapping is incorrect, attempting to fix...
Available on the internet:

https://anz-luna.grolar-wage.ts.net/
|-- proxy http://127.0.0.1:8280

Funnel started and running in the background.
To disable the proxy, run: tailscale funnel --https=443 off
[2026-02-12 06:24:01] ⚠️ Note: Path mapping may not be optimal. Manual configuration may be needed.
[2026-02-12 06:24:01] ✅ Service check completed
[2026-02-12 06:26:01] ⚠️ Tailscale path mapping is incorrect, attempting to fix...
Available on the internet:

https://anz-luna.grolar-wage.ts.net/
|-- proxy http://127.0.0.1:8280

Funnel started and running in the background.
To disable the proxy, run: tailscale funnel --https=443 off
[2026-02-12 06:26:01] ⚠️ Note: Path mapping may not be optimal. Manual configuration may be needed.
[2026-02-12 06:26:01] ✅ Service check completed
[2026-02-12 06:28:01] ⚠️ Tailscale path mapping is incorrect, attempting to fix...
Available on the internet:

https://anz-luna.grolar-wage.ts.net/
|-- proxy http://127.0.0.1:8280

Funnel started and running in the background.
To disable the proxy, run: tailscale funnel --https=443 off
[2026-02-12 06:28:01] ⚠️ Note: Path mapping may not be optimal. Manual configuration may be needed.
[2026-02-12 06:28:01] ✅ Service check completed
[2026-02-12 06:30:02] ⚠️ Tailscale path mapping is incorrect, attempting to fix...
Available on the internet:

https://anz-luna.grolar-wage.ts.net/
|-- proxy http://127.0.0.1:8280

Funnel started and running in the background.
To disable the proxy, run: tailscale funnel --https=443 off
[2026-02-12 06:30:02] ⚠️ Note: Path mapping may not be optimal. Manual configuration may be needed.
[2026-02-12 06:30:02] ✅ Service check completed
[2026-02-12 06:32:01] ⚠️ Tailscale path mapping is incorrect, attempting to fix...
Available on the internet:

https://anz-luna.grolar-wage.ts.net/
|-- proxy http://127.0.0.1:8280

Funnel started and running in the background.
To disable the proxy, run: tailscale funnel --https=443 off
[2026-02-12 06:32:01] ⚠️ Note: Path mapping may not be optimal. Manual configuration may be needed.
[2026-02-12 06:32:01] ✅ Service check completed
[2026-02-12 06:34:01] ⚠️ Tailscale path mapping is incorrect, attempting to fix...
Available on the internet:

https://anz-luna.grolar-wage.ts.net/
|-- proxy http://127.0.0.1:8280

Funnel started and running in the background.
To disable the proxy, run: tailscale funnel --https=443 off
[2026-02-12 06:34:01] ⚠️ Note: Path mapping may not be optimal. Manual configuration may be needed.
[2026-02-12 06:34:01] ✅ Service check completed
[2026-02-12 06:36:01] ⚠️ Tailscale path mapping is incorrect, attempting to fix...
Available on the internet:

https://anz-luna.grolar-wage.ts.net/
|-- proxy http://127.0.0.1:8280

Funnel started and running in the background.
To disable the proxy, run: tailscale funnel --https=443 off
[2026-02-12 06:36:01] ⚠️ Note: Path mapping may not be optimal. Manual configuration may be needed.
[2026-02-12 06:36:01] ✅ Service check completed
[2026-02-12 06:38:01] ⚠️ Tailscale path mapping is incorrect, attempting to fix...
Available on the internet:

https://anz-luna.grolar-wage.ts.net/
|-- proxy http://127.0.0.1:8280

Funnel started and running in the background.
To disable the proxy, run: tailscale funnel --https=443 off
[2026-02-12 06:38:01] ⚠️ Note: Path mapping may not be optimal. Manual configuration may be needed.
[2026-02-12 06:38:01] ✅ Service check completed
[2026-02-12 06:40:01] ⚠️ Tailscale path mapping is incorrect, attempting to fix...
Available on the internet:

https://anz-luna.grolar-wage.ts.net/
|-- proxy http://127.0.0.1:8280

Funnel started and running in the background.
To disable the proxy, run: tailscale funnel --https=443 off
[2026-02-12 06:40:01] ⚠️ Note: Path mapping may not be optimal. Manual configuration may be needed.
[2026-02-12 06:40:01] ✅ Service check completed
[2026-02-12 06:42:01] ⚠️ Tailscale path mapping is incorrect, attempting to fix...
Available on the internet:

https://anz-luna.grolar-wage.ts.net/
|-- proxy http://127.0.0.1:8280

Funnel started and running in the background.
To disable the proxy, run: tailscale funnel --https=443 off
[2026-02-12 06:42:02] ⚠️ Note: Path mapping may not be optimal. Manual configuration may be needed.
[2026-02-12 06:42:02] ✅ Service check completed
[2026-02-12 06:44:01] ⚠️ Tailscale path mapping is incorrect, attempting to fix...
Available on the internet:

https://anz-luna.grolar-wage.ts.net/
|-- proxy http://127.0.0.1:8280

Funnel started and running in the background.
To disable the proxy, run: tailscale funnel --https=443 off
[2026-02-12 06:44:01] ⚠️ Note: Path mapping may not be optimal. Manual configuration may be needed.
[2026-02-12 06:44:01] ✅ Service check completed
[2026-02-12 06:46:01] ⚠️ Tailscale path mapping is incorrect, attempting to fix...
Available on the internet:

https://anz-luna.grolar-wage.ts.net/
|-- proxy http://127.0.0.1:8280

Funnel started and running in the background.
To disable the proxy, run: tailscale funnel --https=443 off
[2026-02-12 06:46:01] ⚠️ Note: Path mapping may not be optimal. Manual configuration may be needed.
[2026-02-12 06:46:01] ✅ Service check completed
[2026-02-12 06:48:01] ⚠️ Tailscale path mapping is incorrect, attempting to fix...
Available on the internet:

https://anz-luna.grolar-wage.ts.net/
|-- proxy http://127.0.0.1:8280

Funnel started and running in the background.
To disable the proxy, run: tailscale funnel --https=443 off
[2026-02-12 06:48:01] ⚠️ Note: Path mapping may not be optimal. Manual configuration may be needed.
[2026-02-12 06:48:01] ✅ Service check completed
[2026-02-12 06:50:01] ⚠️ Tailscale path mapping is incorrect, attempting to fix...
Available on the internet:

https://anz-luna.grolar-wage.ts.net/
|-- proxy http://127.0.0.1:8280

Funnel started and running in the background.
To disable the proxy, run: tailscale funnel --https=443 off
[2026-02-12 06:50:01] ⚠️ Note: Path mapping may not be optimal. Manual configuration may be needed.
[2026-02-12 06:50:01] ✅ Service check completed
[2026-02-12 06:52:01] ⚠️ Tailscale path mapping is incorrect, attempting to fix...
Available on the internet:

https://anz-luna.grolar-wage.ts.net/
|-- proxy http://127.0.0.1:8280

Funnel started and running in the background.
To disable the proxy, run: tailscale funnel --https=443 off
[2026-02-12 06:52:01] ⚠️ Note: Path mapping may not be optimal. Manual configuration may be needed.
[2026-02-12 06:52:01] ✅ Service check completed
[2026-02-12 06:54:01] ⚠️ Tailscale path mapping is incorrect, attempting to fix...
Available on the internet:

https://anz-luna.grolar-wage.ts.net/
|-- proxy http://127.0.0.1:8280

Funnel started and running in the background.
To disable the proxy, run: tailscale funnel --https=443 off
[2026-02-12 06:54:01] ⚠️ Note: Path mapping may not be optimal. Manual configuration may be needed.
[2026-02-12 06:54:01] ✅ Service check completed
[2026-02-12 06:56:02] ⚠️ Tailscale path mapping is incorrect, attempting to fix...
Available on the internet:

https://anz-luna.grolar-wage.ts.net/
|-- proxy http://127.0.0.1:8280

Funnel started and running in the background.
To disable the proxy, run: tailscale funnel --https=443 off
[2026-02-12 06:56:02] ⚠️ Note: Path mapping may not be optimal. Manual configuration may be needed.
[2026-02-12 06:56:02] ✅ Service check completed
[2026-02-12 06:58:01] ⚠️ Tailscale path mapping is incorrect, attempting to fix...
Available on the internet:

https://anz-luna.grolar-wage.ts.net/
|-- proxy http://127.0.0.1:8280

Funnel started and running in the background.
To disable the proxy, run: tailscale funnel --https=443 off
[2026-02-12 06:58:01] ⚠️ Note: Path mapping may not be optimal. Manual configuration may be needed.
[2026-02-12 06:58:01] ✅ Service check completed
[2026-02-12 07:00:02] ⚠️ Tailscale path mapping is incorrect, attempting to fix...
Available on the internet:

https://anz-luna.grolar-wage.ts.net/
|-- proxy http://127.0.0.1:8280

Funnel started and running in the background.
To disable the proxy, run: tailscale funnel --https=443 off
[2026-02-12 07:00:02] ⚠️ Note: Path mapping may not be optimal. Manual configuration may be needed.
[2026-02-12 07:00:02] ✅ Service check completed
[2026-02-12 07:02:01] ⚠️ Tailscale path mapping is incorrect, attempting to fix...
Available on the internet:

https://anz-luna.grolar-wage.ts.net/
|-- proxy http://127.0.0.1:8280

Funnel started and running in the background.
To disable the proxy, run: tailscale funnel --https=443 off
[2026-02-12 07:02:01] ⚠️ Note: Path mapping may not be optimal. Manual configuration may be needed.
[2026-02-12 07:02:01] ✅ Service check completed
[2026-02-12 07:04:01] ⚠️ Tailscale path mapping is incorrect, attempting to fix...
Available on the internet:

https://anz-luna.grolar-wage.ts.net/
|-- proxy http://127.0.0.1:8280

Funnel started and running in the background.
To disable the proxy, run: tailscale funnel --https=443 off
[2026-02-12 07:04:01] ⚠️ Note: Path mapping may not be optimal. Manual configuration may be needed.
[2026-02-12 07:04:01] ✅ Service check completed
[2026-02-12 07:06:01] ⚠️ Tailscale path mapping is incorrect, attempting to fix...
Available on the internet:

https://anz-luna.grolar-wage.ts.net/
|-- proxy http://127.0.0.1:8280

Funnel started and running in the background.
To disable the proxy, run: tailscale funnel --https=443 off
[2026-02-12 07:06:01] ⚠️ Note: Path mapping may not be optimal. Manual configuration may be needed.
[2026-02-12 07:06:01] ✅ Service check completed
[2026-02-12 07:08:01] ⚠️ Tailscale path mapping is incorrect, attempting to fix...
Available on the internet:

https://anz-luna.grolar-wage.ts.net/
|-- proxy http://127.0.0.1:8280

Funnel started and running in the background.
To disable the proxy, run: tailscale funnel --https=443 off
[2026-02-12 07:08:01] ⚠️ Note: Path mapping may not be optimal. Manual configuration may be needed.
[2026-02-12 07:08:01] ✅ Service check completed
[2026-02-12 07:10:01] ⚠️ Tailscale path mapping is incorrect, attempting to fix...
Available on the internet:

https://anz-luna.grolar-wage.ts.net/
|-- proxy http://127.0.0.1:8280

Funnel started and running in the background.
To disable the proxy, run: tailscale funnel --https=443 off
[2026-02-12 07:10:01] ⚠️ Note: Path mapping may not be optimal. Manual configuration may be needed.
[2026-02-12 07:10:01] ✅ Service check completed
[2026-02-12 07:12:01] ⚠️ Tailscale path mapping is incorrect, attempting to fix...
Available on the internet:

https://anz-luna.grolar-wage.ts.net/
|-- proxy http://127.0.0.1:8280

Funnel started and running in the background.
To disable the proxy, run: tailscale funnel --https=443 off
[2026-02-12 07:12:01] ⚠️ Note: Path mapping may not be optimal. Manual configuration may be needed.
[2026-02-12 07:12:01] ✅ Service check completed
[2026-02-12 07:14:01] ⚠️ Tailscale path mapping is incorrect, attempting to fix...
Available on the internet:

https://anz-luna.grolar-wage.ts.net/
|-- proxy http://127.0.0.1:8280

Funnel started and running in the background.
To disable the proxy, run: tailscale funnel --https=443 off
[2026-02-12 07:14:01] ⚠️ Note: Path mapping may not be optimal. Manual configuration may be needed.
[2026-02-12 07:14:01] ✅ Service check completed
[2026-02-12 07:16:02] ⚠️ Tailscale path mapping is incorrect, attempting to fix...
Available on the internet:

https://anz-luna.grolar-wage.ts.net/
|-- proxy http://127.0.0.1:8280

Funnel started and running in the background.
To disable the proxy, run: tailscale funnel --https=443 off
[2026-02-12 07:16:02] ⚠️ Note: Path mapping may not be optimal. Manual configuration may be needed.
[2026-02-12 07:16:02] ✅ Service check completed
[2026-02-12 07:18:01] ⚠️ Tailscale path mapping is incorrect, attempting to fix...
Available on the internet:

https://anz-luna.grolar-wage.ts.net/
|-- proxy http://127.0.0.1:8280

Funnel started and running in the background.
To disable the proxy, run: tailscale funnel --https=443 off
[2026-02-12 07:18:01] ⚠️ Note: Path mapping may not be optimal. Manual configuration may be needed.
[2026-02-12 07:18:01] ✅ Service check completed
[2026-02-12 07:20:01] ⚠️ Tailscale path mapping is incorrect, attempting to fix...
Available on the internet:

https://anz-luna.grolar-wage.ts.net/
|-- proxy http://127.0.0.1:8280

Funnel started and running in the background.
To disable the proxy, run: tailscale funnel --https=443 off
[2026-02-12 07:20:01] ⚠️ Note: Path mapping may not be optimal. Manual configuration may be needed.
[2026-02-12 07:20:01] ✅ Service check completed
[2026-02-12 07:22:01] ⚠️ Tailscale path mapping is incorrect, attempting to fix...
Available on the internet:

https://anz-luna.grolar-wage.ts.net/
|-- proxy http://127.0.0.1:8280

Funnel started and running in the background.
To disable the proxy, run: tailscale funnel --https=443 off
[2026-02-12 07:22:01] ⚠️ Note: Path mapping may not be optimal. Manual configuration may be needed.
[2026-02-12 07:22:01] ✅ Service check completed
[2026-02-12 07:24:01] ⚠️ Tailscale path mapping is incorrect, attempting to fix...
Available on the internet:

https://anz-luna.grolar-wage.ts.net/
|-- proxy http://127.0.0.1:8280

Funnel started and running in the background.
To disable the proxy, run: tailscale funnel --https=443 off
[2026-02-12 07:24:01] ⚠️ Note: Path mapping may not be optimal. Manual configuration may be needed.
[2026-02-12 07:24:01] ✅ Service check completed
[2026-02-12 07:26:01] ⚠️ Tailscale path mapping is incorrect, attempting to fix...
Available on the internet:

https://anz-luna.grolar-wage.ts.net/
|-- proxy http://127.0.0.1:8280

Funnel started and running in the background.
To disable the proxy, run: tailscale funnel --https=443 off
[2026-02-12 07:26:01] ⚠️ Note: Path mapping may not be optimal. Manual configuration may be needed.
[2026-02-12 07:26:01] ✅ Service check completed
[2026-02-12 07:28:02] ⚠️ Tailscale path mapping is incorrect, attempting to fix...
Available on the internet:

https://anz-luna.grolar-wage.ts.net/
|-- proxy http://127.0.0.1:8280

Funnel started and running in the background.
To disable the proxy, run: tailscale funnel --https=443 off
[2026-02-12 07:28:02] ⚠️ Note: Path mapping may not be optimal. Manual configuration may be needed.
[2026-02-12 07:28:02] ✅ Service check completed
[2026-02-12 07:30:01] ⚠️ Tailscale path mapping is incorrect, attempting to fix...
Available on the internet:

https://anz-luna.grolar-wage.ts.net/
|-- proxy http://127.0.0.1:8280

Funnel started and running in the background.
To disable the proxy, run: tailscale funnel --https=443 off
[2026-02-12 07:30:01] ⚠️ Note: Path mapping may not be optimal. Manual configuration may be needed.
[2026-02-12 07:30:01] ✅ Service check completed
[2026-02-12 07:32:01] ⚠️ Tailscale path mapping is incorrect, attempting to fix...
Available on the internet:

https://anz-luna.grolar-wage.ts.net/
|-- proxy http://127.0.0.1:8280

Funnel started and running in the background.
To disable the proxy, run: tailscale funnel --https=443 off
[2026-02-12 07:32:01] ⚠️ Note: Path mapping may not be optimal. Manual configuration may be needed.
[2026-02-12 07:32:01] ✅ Service check completed
[2026-02-12 07:34:01] ⚠️ Tailscale path mapping is incorrect, attempting to fix...
Available on the internet:

https://anz-luna.grolar-wage.ts.net/
|-- proxy http://127.0.0.1:8280

Funnel started and running in the background.
To disable the proxy, run: tailscale funnel --https=443 off
[2026-02-12 07:34:01] ⚠️ Note: Path mapping may not be optimal. Manual configuration may be needed.
[2026-02-12 07:34:01] ✅ Service check completed
[2026-02-12 07:36:01] ⚠️ tailscale-funnel is not configured, attempting to configure...
Available on the internet:

https://anz-luna.grolar-wage.ts.net/
|-- proxy http://127.0.0.1:8280

Funnel started and running in the background.
To disable the proxy, run: tailscale funnel --https=443 off
[2026-02-12 07:36:03] ✅ tailscale-funnel configured successfully
[2026-02-12 07:36:03] ⚠️ Tailscale path mapping is incorrect, attempting to fix...
Available on the internet:

https://anz-luna.grolar-wage.ts.net/
|-- proxy http://127.0.0.1:8280

Funnel started and running in the background.
To disable the proxy, run: tailscale funnel --https=443 off
[2026-02-12 07:36:03] ⚠️ Note: Path mapping may not be optimal. Manual configuration may be needed.
[2026-02-12 07:36:03] ✅ Service check completed
[2026-02-12 07:38:01] ⚠️ webhook-gateway is down, restarting...
 Container webhook-gateway Creating 
 Container webhook-gateway Created 
 Container webhook-gateway Starting 
 Container webhook-gateway Started 
[2026-02-12 07:38:01] ✅ webhook-gateway restarted successfully
[2026-02-12 07:38:01] ⚠️ Tailscale path mapping is incorrect, attempting to fix...
Available on the internet:

https://anz-luna.grolar-wage.ts.net/
|-- proxy http://127.0.0.1:8280

Funnel started and running in the background.
To disable the proxy, run: tailscale funnel --https=443 off
[2026-02-12 07:38:01] ⚠️ Note: Path mapping may not be optimal. Manual configuration may be needed.
[2026-02-12 07:38:01] ✅ Service check completed
[2026-02-12 07:40:02] ⚠️ Tailscale path mapping is incorrect, attempting to fix...
Available on the internet:

https://anz-luna.grolar-wage.ts.net/
|-- proxy http://127.0.0.1:8280

Funnel started and running in the background.
To disable the proxy, run: tailscale funnel --https=443 off
[2026-02-12 07:40:02] ⚠️ Note: Path mapping may not be optimal. Manual configuration may be needed.
[2026-02-12 07:40:02] ✅ Service check completed
[2026-02-12 07:42:01] ⚠️ webhook-gateway is down, restarting...
 Container webhook-gateway Creating 
 Container webhook-gateway Created 
 Container webhook-gateway Starting 
 Container webhook-gateway Started 
[2026-02-12 07:42:01] ✅ webhook-gateway restarted successfully
[2026-02-12 07:42:01] ⚠️ Tailscale path mapping is incorrect, attempting to fix...
Available on the internet:

https://anz-luna.grolar-wage.ts.net/
|-- proxy http://127.0.0.1:8280

Funnel started and running in the background.
To disable the proxy, run: tailscale funnel --https=443 off
[2026-02-12 07:42:01] ⚠️ Note: Path mapping may not be optimal. Manual configuration may be needed.
[2026-02-12 07:42:01] ✅ Service check completed
[2026-02-12 07:44:01] ⚠️ webhook-gateway is down, restarting...
 Container webhook-gateway Creating 
 Container webhook-gateway Created 
 Container webhook-gateway Starting 
 Container webhook-gateway Started 
[2026-02-12 07:44:01] ✅ webhook-gateway restarted successfully
[2026-02-12 07:44:01] ⚠️ Tailscale path mapping is incorrect, attempting to fix...
Available on the internet:

https://anz-luna.grolar-wage.ts.net/
|-- proxy http://127.0.0.1:8280

Funnel started and running in the background.
To disable the proxy, run: tailscale funnel --https=443 off
[2026-02-12 07:44:01] ⚠️ Note: Path mapping may not be optimal. Manual configuration may be needed.
[2026-02-12 07:44:01] ✅ Service check completed
[2026-02-12 07:46:01] ⚠️ webhook-gateway is down, restarting...
no configuration file provided: not found
[2026-02-12 07:46:01] ✅ webhook-gateway restarted successfully
[2026-02-12 07:46:01] ⚠️ Tailscale path mapping is incorrect, attempting to fix...
Available on the internet:

https://anz-luna.grolar-wage.ts.net/
|-- proxy http://127.0.0.1:8280

Funnel started and running in the background.
To disable the proxy, run: tailscale funnel --https=443 off
[2026-02-12 07:46:01] ⚠️ Note: Path mapping may not be optimal. Manual configuration may be needed.
[2026-02-12 07:46:01] ✅ Service check completed
[2026-02-12 07:48:01] ⚠️ webhook-gateway is down, restarting...
no configuration file provided: not found
[2026-02-12 07:48:01] ✅ webhook-gateway restarted successfully
[2026-02-12 07:48:01] ⚠️ Tailscale path mapping is incorrect, attempting to fix...
Available on the internet:

https://anz-luna.grolar-wage.ts.net/
|-- proxy http://127.0.0.1:8280

Funnel started and running in the background.
To disable the proxy, run: tailscale funnel --https=443 off
[2026-02-12 07:48:01] ⚠️ Note: Path mapping may not be optimal. Manual configuration may be needed.
[2026-02-12 07:48:01] ✅ Service check completed
[2026-02-12 07:50:01] ⚠️ webhook-gateway is down, restarting...
no configuration file provided: not found
[2026-02-12 07:50:01] ✅ webhook-gateway restarted successfully
[2026-02-12 07:50:01] ⚠️ Tailscale path mapping is incorrect, attempting to fix...
Available on the internet:

https://anz-luna.grolar-wage.ts.net/
|-- proxy http://127.0.0.1:8280

Funnel started and running in the background.
To disable the proxy, run: tailscale funnel --https=443 off
[2026-02-12 07:50:01] ⚠️ Note: Path mapping may not be optimal. Manual configuration may be needed.
[2026-02-12 07:50:01] ✅ Service check completed
[2026-02-12 07:52:01] ⚠️ webhook-gateway is down, restarting...
no configuration file provided: not found
[2026-02-12 07:52:01] ✅ webhook-gateway restarted successfully
[2026-02-12 07:52:01] ⚠️ Tailscale path mapping is incorrect, attempting to fix...
Available on the internet:

https://anz-luna.grolar-wage.ts.net/
|-- proxy http://127.0.0.1:8280

Funnel started and running in the background.
To disable the proxy, run: tailscale funnel --https=443 off
[2026-02-12 07:52:01] ⚠️ Note: Path mapping may not be optimal. Manual configuration may be needed.
[2026-02-12 07:52:01] ✅ Service check completed
[2026-02-12 07:54:01] ⚠️ webhook-gateway is down, restarting...
no configuration file provided: not found
[2026-02-12 07:54:01] ✅ webhook-gateway restarted successfully
[2026-02-12 07:54:01] ⚠️ Tailscale path mapping is incorrect, attempting to fix...
Available on the internet:

https://anz-luna.grolar-wage.ts.net/
|-- proxy http://127.0.0.1:8280

Funnel started and running in the background.
To disable the proxy, run: tailscale funnel --https=443 off
[2026-02-12 07:54:01] ⚠️ Note: Path mapping may not be optimal. Manual configuration may be needed.
[2026-02-12 07:54:02] ✅ Service check completed
[2026-02-12 07:56:01] ⚠️ webhook-gateway is down, restarting...
no configuration file provided: not found
[2026-02-12 07:56:01] ✅ webhook-gateway restarted successfully
[2026-02-12 07:56:01] ⚠️ Tailscale path mapping is incorrect, attempting to fix...
Available on the internet:

https://anz-luna.grolar-wage.ts.net/
|-- proxy http://127.0.0.1:8280

Funnel started and running in the background.
To disable the proxy, run: tailscale funnel --https=443 off
[2026-02-12 07:56:01] ⚠️ Note: Path mapping may not be optimal. Manual configuration may be needed.
[2026-02-12 07:56:01] ✅ Service check completed
[2026-02-12 07:58:01] ⚠️ webhook-gateway is down, restarting...
no configuration file provided: not found
[2026-02-12 07:58:01] ✅ webhook-gateway restarted successfully
[2026-02-12 07:58:01] ⚠️ Tailscale path mapping is incorrect, attempting to fix...
Available on the internet:

https://anz-luna.grolar-wage.ts.net/
|-- proxy http://127.0.0.1:8280

Funnel started and running in the background.
To disable the proxy, run: tailscale funnel --https=443 off
[2026-02-12 07:58:01] ⚠️ Note: Path mapping may not be optimal. Manual configuration may be needed.
[2026-02-12 07:58:01] ✅ Service check completed
[2026-02-12 08:00:01] ⚠️ webhook-gateway is down, restarting...
no configuration file provided: not found
[2026-02-12 08:00:01] ✅ webhook-gateway restarted successfully
[2026-02-12 08:00:01] ⚠️ Tailscale path mapping is incorrect, attempting to fix...
Available on the internet:

https://anz-luna.grolar-wage.ts.net/
|-- proxy http://127.0.0.1:8280

Funnel started and running in the background.
To disable the proxy, run: tailscale funnel --https=443 off
[2026-02-12 08:00:01] ⚠️ Note: Path mapping may not be optimal. Manual configuration may be needed.
[2026-02-12 08:00:01] ✅ Service check completed
