[
  {
    "time": "2026-02-13T01:24:24.241222+08:00",
    "trigger": "heartbeat",
    "result": {
      "ok": true,
      "skipped": false,
      "action": "updated",
      "message_id": "om_x100b57ecaadaf900e2c6b06bc6957a7",
      "trigger": "heartbeat"
    }
  },
  {
    "time": "2026-02-13T01:29:23.880526+08:00",
    "trigger": "heartbeat",
    "result": {
      "ok": true,
      "skipped": false,
      "action": "updated",
      "message_id": "om_x100b57ecaadaf900e2c6b06bc6957a7",
      "trigger": "heartbeat"
    }
  },
  {
    "time": "2026-02-13T01:34:23.807727+08:00",
    "trigger": "heartbeat",
    "result": {
      "ok": true,
      "skipped": false,
      "action": "updated",
      "message_id": "om_x100b57ecaadaf900e2c6b06bc6957a7",
      "trigger": "heartbeat"
    }
  },
  {
    "time": "2026-02-13T01:39:22.718141+08:00",
    "trigger": "heartbeat",
    "result": {
      "ok": true,
      "skipped": false,
      "action": "updated",
      "message_id": "om_x100b57ecaadaf900e2c6b06bc6957a7",
      "trigger": "heartbeat"
    }
  },
  {
    "time": "2026-02-13T01:44:24.511109+08:00",
    "trigger": "heartbeat",
    "result": {
      "ok": true,
      "skipped": false,
      "action": "updated",
      "message_id": "om_x100b57ecaadaf900e2c6b06bc6957a7",
      "trigger": "heartbeat"
    }
  },
  {
    "time": "2026-02-13T01:49:24.086905+08:00",
    "trigger": "heartbeat",
    "result": {
      "ok": true,
      "skipped": false,
      "action": "updated",
      "message_id": "om_x100b57ecaadaf900e2c6b06bc6957a7",
      "trigger": "heartbeat"
    }
  },
  {
    "time": "2026-02-13T01:54:26.874292+08:00",
    "trigger": "heartbeat",
    "result": {
      "ok": true,
      "skipped": false,
      "action": "updated",
      "message_id": "om_x100b57ecaadaf900e2c6b06bc6957a7",
      "trigger": "heartbeat"
    }
  },
  {
    "time": "2026-02-13T01:59:24.859092+08:00",
    "trigger": "heartbeat",
    "result": {
      "ok": true,
      "skipped": false,
      "action": "updated",
      "message_id": "om_x100b57ecaadaf900e2c6b06bc6957a7",
      "trigger": "heartbeat"
    }
  },
  {
    "time": "2026-02-13T02:04:24.208096+08:00",
    "trigger": "heartbeat",
    "result": {
      "ok": true,
      "skipped": false,
      "action": "updated",
      "message_id": "om_x100b57ecaadaf900e2c6b06bc6957a7",
      "trigger": "heartbeat"
    }
  },
  {
    "time": "2026-02-13T02:09:27.494440+08:00",
    "trigger": "heartbeat",
    "result": {
      "ok": true,
      "skipped": false,
      "action": "updated",
      "message_id": "om_x100b57ecaadaf900e2c6b06bc6957a7",
      "trigger": "heartbeat"
    }
  },
  {
    "time": "2026-02-13T02:10:03.263898+08:00",
    "trigger": "heartbeat",
    "result": {
      "ok": true,
      "skipped": false,
      "action": "updated",
      "message_id": "om_x100b57ecaadaf900e2c6b06bc6957a7",
      "trigger": "heartbeat"
    }
  },
  {
    "time": "2026-02-13T02:14:24.624832+08:00",
    "trigger": "heartbeat",
    "result": {
      "ok": true,
      "skipped": false,
      "action": "updated",
      "message_id": "om_x100b57ecaadaf900e2c6b06bc6957a7",
      "trigger": "heartbeat"
    }
  },
  {
    "time": "2026-02-13T02:19:23.709561+08:00",
    "trigger": "heartbeat",
    "result": {
      "ok": true,
      "skipped": false,
      "action": "updated",
      "message_id": "om_x100b57ecaadaf900e2c6b06bc6957a7",
      "trigger": "heartbeat"
    }
  },
  {
    "time": "2026-02-13T02:24:26.941837+08:00",
    "trigger": "heartbeat",
    "result": {
      "ok": true,
      "skipped": false,
      "action": "updated",
      "message_id": "om_x100b57ecaadaf900e2c6b06bc6957a7",
      "trigger": "heartbeat"
    }
  },
  {
    "time": "2026-02-13T02:29:24.839091+08:00",
    "trigger": "heartbeat",
    "result": {
      "ok": true,
      "skipped": false,
      "action": "updated",
      "message_id": "om_x100b57ecaadaf900e2c6b06bc6957a7",
      "trigger": "heartbeat"
    }
  },
  {
    "time": "2026-02-13T02:34:24.158759+08:00",
    "trigger": "heartbeat",
    "result": {
      "ok": true,
      "skipped": false,
      "action": "updated",
      "message_id": "om_x100b57ecaadaf900e2c6b06bc6957a7",
      "trigger": "heartbeat"
    }
  },
  {
    "time": "2026-02-13T02:39:27.672624+08:00",
    "trigger": "heartbeat",
    "result": {
      "ok": true,
      "skipped": false,
      "action": "updated",
      "message_id": "om_x100b57ecaadaf900e2c6b06bc6957a7",
      "trigger": "heartbeat"
    }
  },
  {
    "time": "2026-02-13T02:44:23.696092+08:00",
    "trigger": "heartbeat",
    "result": {
      "ok": true,
      "skipped": false,
      "action": "updated",
      "message_id": "om_x100b57ecaadaf900e2c6b06bc6957a7",
      "trigger": "heartbeat"
    }
  },
  {
    "time": "2026-02-13T02:49:23.091108+08:00",
    "trigger": "heartbeat",
    "result": {
      "ok": true,
      "skipped": false,
      "action": "updated",
      "message_id": "om_x100b57ecaadaf900e2c6b06bc6957a7",
      "trigger": "heartbeat"
    }
  },
  {
    "time": "2026-02-13T02:54:25.396938+08:00",
    "trigger": "heartbeat",
    "result": {
      "ok": true,
      "skipped": false,
      "action": "updated",
      "message_id": "om_x100b57ecaadaf900e2c6b06bc6957a7",
      "trigger": "heartbeat"
    }
  },
  {
    "time": "2026-02-13T02:59:25.327383+08:00",
    "trigger": "heartbeat",
    "result": {
      "ok": true,
      "skipped": false,
      "action": "updated",
      "message_id": "om_x100b57ecaadaf900e2c6b06bc6957a7",
      "trigger": "heartbeat"
    }
  },
  {
    "time": "2026-02-13T03:04:22.865711+08:00",
    "trigger": "heartbeat",
    "result": {
      "ok": true,
      "skipped": false,
      "action": "updated",
      "message_id": "om_x100b57ecaadaf900e2c6b06bc6957a7",
      "trigger": "heartbeat"
    }
  },
  {
    "time": "2026-02-13T03:09:23.615865+08:00",
    "trigger": "heartbeat",
    "result": {
      "ok": true,
      "skipped": false,
      "action": "updated",
      "message_id": "om_x100b57ecaadaf900e2c6b06bc6957a7",
      "trigger": "heartbeat"
    }
  },
  {
    "time": "2026-02-13T03:14:25.707351+08:00",
    "trigger": "heartbeat",
    "result": {
      "ok": true,
      "skipped": false,
      "action": "updated",
      "message_id": "om_x100b57ecaadaf900e2c6b06bc6957a7",
      "trigger": "heartbeat"
    }
  },
  {
    "time": "2026-02-13T03:19:25.420409+08:00",
    "trigger": "heartbeat",
    "result": {
      "ok": true,
      "skipped": false,
      "action": "updated",
      "message_id": "om_x100b57ecaadaf900e2c6b06bc6957a7",
      "trigger": "heartbeat"
    }
  },
  {
    "time": "2026-02-13T03:24:24.009304+08:00",
    "trigger": "heartbeat",
    "result": {
      "ok": true,
      "skipped": false,
      "action": "updated",
      "message_id": "om_x100b57ecaadaf900e2c6b06bc6957a7",
      "trigger": "heartbeat"
    }
  },
  {
    "time": "2026-02-13T03:29:28.047020+08:00",
    "trigger": "heartbeat",
    "result": {
      "ok": true,
      "skipped": false,
      "action": "updated",
      "message_id": "om_x100b57ecaadaf900e2c6b06bc6957a7",
      "trigger": "heartbeat"
    }
  },
  {
    "time": "2026-02-13T03:34:26.023557+08:00",
    "trigger": "heartbeat",
    "result": {
      "ok": true,
      "skipped": false,
      "action": "updated",
      "message_id": "om_x100b57ecaadaf900e2c6b06bc6957a7",
      "trigger": "heartbeat"
    }
  },
  {
    "time": "2026-02-13T03:39:25.071229+08:00",
    "trigger": "heartbeat",
    "result": {
      "ok": true,
      "skipped": false,
      "action": "updated",
      "message_id": "om_x100b57ecaadaf900e2c6b06bc6957a7",
      "trigger": "heartbeat"
    }
  },
  {
    "time": "2026-02-13T03:44:27.482711+08:00",
    "trigger": "heartbeat",
    "result": {
      "ok": true,
      "skipped": false,
      "action": "updated",
      "message_id": "om_x100b57ecaadaf900e2c6b06bc6957a7",
      "trigger": "heartbeat"
    }
  },
  {
    "time": "2026-02-13T03:49:26.627161+08:00",
    "trigger": "heartbeat",
    "result": {
      "ok": true,
      "skipped": false,
      "action": "updated",
      "message_id": "om_x100b57ecaadaf900e2c6b06bc6957a7",
      "trigger": "heartbeat"
    }
  },
  {
    "time": "2026-02-13T03:54:25.054535+08:00",
    "trigger": "heartbeat",
    "result": {
      "ok": true,
      "skipped": false,
      "action": "updated",
      "message_id": "om_x100b57ecaadaf900e2c6b06bc6957a7",
      "trigger": "heartbeat"
    }
  },
  {
    "time": "2026-02-13T03:59:24.231790+08:00",
    "trigger": "heartbeat",
    "result": {
      "ok": true,
      "skipped": false,
      "action": "updated",
      "message_id": "om_x100b57ecaadaf900e2c6b06bc6957a7",
      "trigger": "heartbeat"
    }
  },
  {
    "time": "2026-02-13T04:04:24.466419+08:00",
    "trigger": "heartbeat",
    "result": {
      "ok": true,
      "skipped": false,
      "action": "updated",
      "message_id": "om_x100b57ecaadaf900e2c6b06bc6957a7",
      "trigger": "heartbeat"
    }
  },
  {
    "time": "2026-02-13T04:09:27.187636+08:00",
    "trigger": "heartbeat",
    "result": {
      "ok": true,
      "skipped": false,
      "action": "updated",
      "message_id": "om_x100b57ecaadaf900e2c6b06bc6957a7",
      "trigger": "heartbeat"
    }
  },
  {
    "time": "2026-02-13T04:14:24.437645+08:00",
    "trigger": "heartbeat",
    "result": {
      "ok": true,
      "skipped": false,
      "action": "updated",
      "message_id": "om_x100b57ecaadaf900e2c6b06bc6957a7",
      "trigger": "heartbeat"
    }
  },
  {
    "time": "2026-02-13T04:19:23.921120+08:00",
    "trigger": "heartbeat",
    "result": {
      "ok": true,
      "skipped": false,
      "action": "updated",
      "message_id": "om_x100b57ecaadaf900e2c6b06bc6957a7",
      "trigger": "heartbeat"
    }
  },
  {
    "time": "2026-02-13T04:24:24.764575+08:00",
    "trigger": "heartbeat",
    "result": {
      "ok": true,
      "skipped": false,
      "action": "updated",
      "message_id": "om_x100b57ecaadaf900e2c6b06bc6957a7",
      "trigger": "heartbeat"
    }
  },
  {
    "time": "2026-02-13T04:29:27.443146+08:00",
    "trigger": "heartbeat",
    "result": {
      "ok": true,
      "skipped": false,
      "action": "updated",
      "message_id": "om_x100b57ecaadaf900e2c6b06bc6957a7",
      "trigger": "heartbeat"
    }
  },
  {
    "time": "2026-02-13T04:34:29.100160+08:00",
    "trigger": "heartbeat",
    "result": {
      "ok": true,
      "skipped": false,
      "action": "updated",
      "message_id": "om_x100b57ecaadaf900e2c6b06bc6957a7",
      "trigger": "heartbeat"
    }
  },
  {
    "time": "2026-02-13T04:39:31.111254+08:00",
    "trigger": "heartbeat",
    "result": {
      "ok": true,
      "skipped": false,
      "action": "updated",
      "message_id": "om_x100b57ecaadaf900e2c6b06bc6957a7",
      "trigger": "heartbeat"
    }
  },
  {
    "time": "2026-02-13T04:44:24.555917+08:00",
    "trigger": "heartbeat",
    "result": {
      "ok": true,
      "skipped": false,
      "action": "updated",
      "message_id": "om_x100b57ecaadaf900e2c6b06bc6957a7",
      "trigger": "heartbeat"
    }
  },
  {
    "time": "2026-02-13T04:49:24.619351+08:00",
    "trigger": "heartbeat",
    "result": {
      "ok": true,
      "skipped": false,
      "action": "updated",
      "message_id": "om_x100b57ecaadaf900e2c6b06bc6957a7",
      "trigger": "heartbeat"
    }
  },
  {
    "time": "2026-02-13T04:54:22.936577+08:00",
    "trigger": "heartbeat",
    "result": {
      "ok": true,
      "skipped": false,
      "action": "updated",
      "message_id": "om_x100b57ecaadaf900e2c6b06bc6957a7",
      "trigger": "heartbeat"
    }
  },
  {
    "time": "2026-02-13T04:59:23.806631+08:00",
    "trigger": "heartbeat",
    "result": {
      "ok": true,
      "skipped": false,
      "action": "updated",
      "message_id": "om_x100b57ecaadaf900e2c6b06bc6957a7",
      "trigger": "heartbeat"
    }
  },
  {
    "time": "2026-02-13T05:04:25.022030+08:00",
    "trigger": "heartbeat",
    "result": {
      "ok": true,
      "skipped": false,
      "action": "updated",
      "message_id": "om_x100b57ecaadaf900e2c6b06bc6957a7",
      "trigger": "heartbeat"
    }
  },
  {
    "time": "2026-02-13T05:09:23.583622+08:00",
    "trigger": "heartbeat",
    "result": {
      "ok": true,
      "skipped": false,
      "action": "updated",
      "message_id": "om_x100b57ecaadaf900e2c6b06bc6957a7",
      "trigger": "heartbeat"
    }
  },
  {
    "time": "2026-02-13T05:14:24.654588+08:00",
    "trigger": "heartbeat",
    "result": {
      "ok": true,
      "skipped": false,
      "action": "updated",
      "message_id": "om_x100b57ecaadaf900e2c6b06bc6957a7",
      "trigger": "heartbeat"
    }
  },
  {
    "time": "2026-02-13T05:19:23.991679+08:00",
    "trigger": "heartbeat",
    "result": {
      "ok": true,
      "skipped": false,
      "action": "updated",
      "message_id": "om_x100b57ecaadaf900e2c6b06bc6957a7",
      "trigger": "heartbeat"
    }
  },
  {
    "time": "2026-02-13T05:24:27.476693+08:00",
    "trigger": "heartbeat",
    "result": {
      "ok": true,
      "skipped": false,
      "action": "updated",
      "message_id": "om_x100b57ecaadaf900e2c6b06bc6957a7",
      "trigger": "heartbeat"
    }
  },
  {
    "time": "2026-02-13T05:29:23.589294+08:00",
    "trigger": "heartbeat",
    "result": {
      "ok": true,
      "skipped": false,
      "action": "updated",
      "message_id": "om_x100b57ecaadaf900e2c6b06bc6957a7",
      "trigger": "heartbeat"
    }
  },
  {
    "time": "2026-02-13T05:34:26.589628+08:00",
    "trigger": "heartbeat",
    "result": {
      "ok": true,
      "skipped": false,
      "action": "updated",
      "message_id": "om_x100b57ecaadaf900e2c6b06bc6957a7",
      "trigger": "heartbeat"
    }
  },
  {
    "time": "2026-02-13T05:39:20.934485+08:00",
    "trigger": "heartbeat",
    "result": {
      "ok": true,
      "skipped": false,
      "action": "updated",
      "message_id": "om_x100b57ecaadaf900e2c6b06bc6957a7",
      "trigger": "heartbeat"
    }
  },
  {
    "time": "2026-02-13T05:44:20.857406+08:00",
    "trigger": "heartbeat",
    "result": {
      "ok": true,
      "skipped": false,
      "action": "updated",
      "message_id": "om_x100b57ecaadaf900e2c6b06bc6957a7",
      "trigger": "heartbeat"
    }
  },
  {
    "time": "2026-02-13T05:49:19.395726+08:00",
    "trigger": "heartbeat",
    "result": {
      "ok": true,
      "skipped": false,
      "action": "updated",
      "message_id": "om_x100b57ecaadaf900e2c6b06bc6957a7",
      "trigger": "heartbeat"
    }
  },
  {
    "time": "2026-02-13T05:54:21.509957+08:00",
    "trigger": "heartbeat",
    "result": {
      "ok": true,
      "skipped": false,
      "action": "updated",
      "message_id": "om_x100b57ecaadaf900e2c6b06bc6957a7",
      "trigger": "heartbeat"
    }
  },
  {
    "time": "2026-02-13T05:59:20.282756+08:00",
    "trigger": "heartbeat",
    "result": {
      "ok": true,
      "skipped": false,
      "action": "updated",
      "message_id": "om_x100b57ecaadaf900e2c6b06bc6957a7",
      "trigger": "heartbeat"
    }
  },
  {
    "time": "2026-02-13T06:04:21.782175+08:00",
    "trigger": "heartbeat",
    "result": {
      "ok": true,
      "skipped": false,
      "action": "updated",
      "message_id": "om_x100b57ecaadaf900e2c6b06bc6957a7",
      "trigger": "heartbeat"
    }
  },
  {
    "time": "2026-02-13T06:09:19.698280+08:00",
    "trigger": "heartbeat",
    "result": {
      "ok": true,
      "skipped": false,
      "action": "updated",
      "message_id": "om_x100b57ecaadaf900e2c6b06bc6957a7",
      "trigger": "heartbeat"
    }
  },
  {
    "time": "2026-02-13T06:14:22.071800+08:00",
    "trigger": "heartbeat",
    "result": {
      "ok": true,
      "skipped": false,
      "action": "updated",
      "message_id": "om_x100b57ecaadaf900e2c6b06bc6957a7",
      "trigger": "heartbeat"
    }
  },
  {
    "time": "2026-02-13T06:19:21.449992+08:00",
    "trigger": "heartbeat",
    "result": {
      "ok": true,
      "skipped": false,
      "action": "updated",
      "message_id": "om_x100b57ecaadaf900e2c6b06bc6957a7",
      "trigger": "heartbeat"
    }
  },
  {
    "time": "2026-02-13T06:24:20.661861+08:00",
    "trigger": "heartbeat",
    "result": {
      "ok": true,
      "skipped": false,
      "action": "updated",
      "message_id": "om_x100b57ecaadaf900e2c6b06bc6957a7",
      "trigger": "heartbeat"
    }
  },
  {
    "time": "2026-02-13T06:29:19.839058+08:00",
    "trigger": "heartbeat",
    "result": {
      "ok": true,
      "skipped": false,
      "action": "updated",
      "message_id": "om_x100b57ecaadaf900e2c6b06bc6957a7",
      "trigger": "heartbeat"
    }
  },
  {
    "time": "2026-02-13T06:34:21.078433+08:00",
    "trigger": "heartbeat",
    "result": {
      "ok": true,
      "skipped": false,
      "action": "updated",
      "message_id": "om_x100b57ecaadaf900e2c6b06bc6957a7",
      "trigger": "heartbeat"
    }
  },
  {
    "time": "2026-02-13T06:39:22.122177+08:00",
    "trigger": "heartbeat",
    "result": {
      "ok": true,
      "skipped": false,
      "action": "updated",
      "message_id": "om_x100b57ecaadaf900e2c6b06bc6957a7",
      "trigger": "heartbeat"
    }
  },
  {
    "time": "2026-02-13T06:44:20.687628+08:00",
    "trigger": "heartbeat",
    "result": {
      "ok": true,
      "skipped": false,
      "action": "updated",
      "message_id": "om_x100b57ecaadaf900e2c6b06bc6957a7",
      "trigger": "heartbeat"
    }
  },
  {
    "time": "2026-02-13T06:49:20.272493+08:00",
    "trigger": "heartbeat",
    "result": {
      "ok": true,
      "skipped": false,
      "action": "updated",
      "message_id": "om_x100b57ecaadaf900e2c6b06bc6957a7",
      "trigger": "heartbeat"
    }
  },
  {
    "time": "2026-02-13T06:54:19.887993+08:00",
    "trigger": "heartbeat",
    "result": {
      "ok": true,
      "skipped": false,
      "action": "updated",
      "message_id": "om_x100b57ecaadaf900e2c6b06bc6957a7",
      "trigger": "heartbeat"
    }
  },
  {
    "time": "2026-02-13T06:59:21.987115+08:00",
    "trigger": "heartbeat",
    "result": {
      "ok": true,
      "skipped": false,
      "action": "updated",
      "message_id": "om_x100b57ecaadaf900e2c6b06bc6957a7",
      "trigger": "heartbeat"
    }
  },
  {
    "time": "2026-02-13T07:04:22.100210+08:00",
    "trigger": "heartbeat",
    "result": {
      "ok": true,
      "skipped": false,
      "action": "updated",
      "message_id": "om_x100b57ecaadaf900e2c6b06bc6957a7",
      "trigger": "heartbeat"
    }
  },
  {
    "time": "2026-02-13T07:05:24.853173+08:00",
    "trigger": "heartbeat",
    "result": {
      "ok": true,
      "skipped": false,
      "action": "updated",
      "message_id": "om_x100b57ecaadaf900e2c6b06bc6957a7",
      "trigger": "heartbeat"
    }
  },
  {
    "time": "2026-02-13T07:10:23.934257+08:00",
    "trigger": "heartbeat",
    "result": {
      "ok": true,
      "skipped": false,
      "action": "updated",
      "message_id": "om_x100b57ecaadaf900e2c6b06bc6957a7",
      "trigger": "heartbeat"
    }
  },
  {
    "time": "2026-02-13T07:11:05.100009+08:00",
    "trigger": "heartbeat",
    "result": {
      "ok": true,
      "skipped": false,
      "action": "updated",
      "message_id": "om_x100b57ecaadaf900e2c6b06bc6957a7",
      "trigger": "heartbeat"
    }
  },
  {
    "time": "2026-02-13T07:16:06.397488+08:00",
    "trigger": "heartbeat",
    "result": {
      "ok": true,
      "skipped": false,
      "action": "updated",
      "message_id": "om_x100b57ecaadaf900e2c6b06bc6957a7",
      "trigger": "heartbeat"
    }
  },
  {
    "time": "2026-02-13T07:16:45.198316+08:00",
    "trigger": "heartbeat",
    "result": {
      "ok": true,
      "skipped": false,
      "action": "updated",
      "message_id": "om_x100b57ecaadaf900e2c6b06bc6957a7",
      "trigger": "heartbeat"
    }
  },
  {
    "time": "2026-02-13T07:21:45.109046+08:00",
    "trigger": "heartbeat",
    "result": {
      "ok": true,
      "skipped": false,
      "action": "updated",
      "message_id": "om_x100b57ecaadaf900e2c6b06bc6957a7",
      "trigger": "heartbeat"
    }
  },
  {
    "time": "2026-02-13T07:22:27.301744+08:00",
    "trigger": "heartbeat",
    "result": {
      "ok": true,
      "skipped": false,
      "action": "updated",
      "message_id": "om_x100b57ecaadaf900e2c6b06bc6957a7",
      "trigger": "heartbeat"
    }
  },
  {
    "time": "2026-02-13T07:27:28.074458+08:00",
    "trigger": "heartbeat",
    "result": {
      "ok": true,
      "skipped": false,
      "action": "updated",
      "message_id": "om_x100b57ecaadaf900e2c6b06bc6957a7",
      "trigger": "heartbeat"
    }
  },
  {
    "time": "2026-02-13T07:28:07.872399+08:00",
    "trigger": "heartbeat",
    "result": {
      "ok": true,
      "skipped": false,
      "action": "updated",
      "message_id": "om_x100b57ecaadaf900e2c6b06bc6957a7",
      "trigger": "heartbeat"
    }
  },
  {
    "time": "2026-02-13T07:33:09.193370+08:00",
    "trigger": "heartbeat",
    "result": {
      "ok": true,
      "skipped": false,
      "action": "updated",
      "message_id": "om_x100b57ecaadaf900e2c6b06bc6957a7",
      "trigger": "heartbeat"
    }
  },
  {
    "time": "2026-02-13T07:33:48.510004+08:00",
    "trigger": "heartbeat",
    "result": {
      "ok": true,
      "skipped": false,
      "action": "updated",
      "message_id": "om_x100b57ecaadaf900e2c6b06bc6957a7",
      "trigger": "heartbeat"
    }
  },
  {
    "time": "2026-02-13T07:38:51.400323+08:00",
    "trigger": "heartbeat",
    "result": {
      "ok": true,
      "skipped": false,
      "action": "updated",
      "message_id": "om_x100b57ecaadaf900e2c6b06bc6957a7",
      "trigger": "heartbeat"
    }
  },
  {
    "time": "2026-02-13T07:39:30.950142+08:00",
    "trigger": "heartbeat",
    "result": {
      "ok": true,
      "skipped": false,
      "action": "updated",
      "message_id": "om_x100b57ecaadaf900e2c6b06bc6957a7",
      "trigger": "heartbeat"
    }
  },
  {
    "time": "2026-02-13T07:44:32.005047+08:00",
    "trigger": "heartbeat",
    "result": {
      "ok": true,
      "skipped": false,
      "action": "updated",
      "message_id": "om_x100b57ecaadaf900e2c6b06bc6957a7",
      "trigger": "heartbeat"
    }
  },
  {
    "time": "2026-02-13T07:45:11.100966+08:00",
    "trigger": "heartbeat",
    "result": {
      "ok": true,
      "skipped": false,
      "action": "updated",
      "message_id": "om_x100b57ecaadaf900e2c6b06bc6957a7",
      "trigger": "heartbeat"
    }
  },
  {
    "time": "2026-02-13T07:50:12.251086+08:00",
    "trigger": "heartbeat",
    "result": {
      "ok": true,
      "skipped": false,
      "action": "updated",
      "message_id": "om_x100b57ecaadaf900e2c6b06bc6957a7",
      "trigger": "heartbeat"
    }
  },
  {
    "time": "2026-02-13T07:50:52.147959+08:00",
    "trigger": "heartbeat",
    "result": {
      "ok": true,
      "skipped": false,
      "action": "updated",
      "message_id": "om_x100b57ecaadaf900e2c6b06bc6957a7",
      "trigger": "heartbeat"
    }
  },
  {
    "time": "2026-02-13T07:55:54.032777+08:00",
    "trigger": "heartbeat",
    "result": {
      "ok": true,
      "skipped": false,
      "action": "updated",
      "message_id": "om_x100b57ecaadaf900e2c6b06bc6957a7",
      "trigger": "heartbeat"
    }
  },
  {
    "time": "2026-02-13T07:56:31.819580+08:00",
    "trigger": "heartbeat",
    "result": {
      "ok": true,
      "skipped": false,
      "action": "updated",
      "message_id": "om_x100b57ecaadaf900e2c6b06bc6957a7",
      "trigger": "heartbeat"
    }
  },
  {
    "time": "2026-02-13T08:01:35.158778+08:00",
    "trigger": "heartbeat",
    "result": {
      "ok": true,
      "skipped": false,
      "action": "updated",
      "message_id": "om_x100b57ecaadaf900e2c6b06bc6957a7",
      "trigger": "heartbeat"
    }
  },
  {
    "time": "2026-02-13T08:02:34.357272+08:00",
    "trigger": "heartbeat",
    "result": {
      "ok": true,
      "skipped": false,
      "action": "updated",
      "message_id": "om_x100b57ecaadaf900e2c6b06bc6957a7",
      "trigger": "heartbeat"
    }
  },
  {
    "time": "2026-02-13T08:07:34.691885+08:00",
    "trigger": "heartbeat",
    "result": {
      "ok": true,
      "skipped": false,
      "action": "updated",
      "message_id": "om_x100b57ecaadaf900e2c6b06bc6957a7",
      "trigger": "heartbeat"
    }
  },
  {
    "time": "2026-02-13T08:08:15.335579+08:00",
    "trigger": "heartbeat",
    "result": {
      "ok": true,
      "skipped": false,
      "action": "updated",
      "message_id": "om_x100b57ecaadaf900e2c6b06bc6957a7",
      "trigger": "heartbeat"
    }
  },
  {
    "time": "2026-02-13T08:13:14.926456+08:00",
    "trigger": "heartbeat",
    "result": {
      "ok": true,
      "skipped": false,
      "action": "updated",
      "message_id": "om_x100b57ecaadaf900e2c6b06bc6957a7",
      "trigger": "heartbeat"
    }
  },
  {
    "time": "2026-02-13T08:13:58.070086+08:00",
    "trigger": "heartbeat",
    "result": {
      "ok": true,
      "skipped": false,
      "action": "updated",
      "message_id": "om_x100b57ecaadaf900e2c6b06bc6957a7",
      "trigger": "heartbeat"
    }
  },
  {
    "time": "2026-02-13T08:14:50.089050+08:00",
    "trigger": "task_start",
    "result": {
      "ok": true,
      "skipped": false,
      "action": "updated",
      "message_id": "om_x100b57ecaadaf900e2c6b06bc6957a7",
      "trigger": "task_start"
    }
  },
  {
    "time": "2026-02-13T08:15:10.727235+08:00",
    "trigger": "task_cancel",
    "result": {
      "ok": true,
      "skipped": true,
      "reason": "rate_limited",
      "trigger": "task_cancel"
    }
  },
  {
    "time": "2026-02-13T08:16:21.148045+08:00",
    "trigger": "task_start",
    "result": {
      "ok": true,
      "skipped": false,
      "action": "updated",
      "message_id": "om_x100b57ecaadaf900e2c6b06bc6957a7",
      "trigger": "task_start"
    }
  },
  {
    "time": "2026-02-13T08:18:56.935317+08:00",
    "trigger": "heartbeat",
    "result": {
      "ok": true,
      "skipped": false,
      "action": "updated",
      "message_id": "om_x100b57ecaadaf900e2c6b06bc6957a7",
      "trigger": "heartbeat"
    }
  },
  {
    "time": "2026-02-13T08:19:46.700067+08:00",
    "trigger": "heartbeat",
    "result": {
      "ok": true,
      "skipped": false,
      "action": "updated",
      "message_id": "om_x100b57ecaadaf900e2c6b06bc6957a7",
      "trigger": "heartbeat"
    }
  }
]